// Jest Snapshot v1, https://goo.gl/fbAQLP

exports[`should render correctly 1`] = `
<div
  className="sc-hKMtZM eiqwmw sc-eCYdqJ ktzijR"
  data-cy="weather"
  data-testid="weather"
>
  <div
    className="sc-iBkjds iJWbDD"
  >
    <div
      className="sc-bczRLJ bDDrHP"
      direction="column"
    >
      <p
        className="sc-dkzDqf cqLQeI"
      >
        Monday
      </p>
    </div>
    <div>
      <p
        className="sc-dkzDqf fhmgnY"
        fontSize="0.9em"
      >
        Milan
         (
        Italy
        )
      </p>
      <p
        className="sc-dkzDqf brehns"
        fontSize="4em"
        fontWeight={700}
      >
        25
      </p>
      <p
        className="sc-dkzDqf fgcoac"
        fontSize="1em"
        fontWeight={600}
      >
        Sunny
      </p>
    </div>
  </div>
  <div
    className="sc-gKXOVf OOeIB"
  >
    <div
      className="sc-bczRLJ dWSqhE"
      direction="column"
    >
      <div
        className="sc-bczRLJ kwAZZz"
      >
        <dt
          className="sc-dkzDqf gHxGtr"
          fontWeight={700}
        >
          Wind
        </dt>
        <dd
          className="sc-dkzDqf cqLQeI"
        >
          10km/h
        </dd>
      </div>
      <div
        className="sc-bczRLJ kwAZZz"
      >
        <dt
          className="sc-dkzDqf gHxGtr"
          fontWeight={700}
        >
          Humidity
        </dt>
        <dd
          className="sc-dkzDqf cqLQeI"
        >
          60%
        </dd>
      </div>
      <div
        className="sc-bczRLJ kwAZZz"
      >
        <dt
          className="sc-dkzDqf gHxGtr"
          fontWeight={700}
        >
          Pressure
        </dt>
        <dd
          className="sc-dkzDqf cqLQeI"
        >
          1025mb
        </dd>
      </div>
      <div
        className="sc-bczRLJ kwAZZz"
      >
        <dt
          className="sc-dkzDqf gHxGtr"
          fontWeight={700}
        >
          Sunrise
        </dt>
        <dd
          className="sc-dkzDqf cqLQeI"
        >
          6:00am
        </dd>
      </div>
      <div
        className="sc-bczRLJ kwAZZz"
      >
        <dt
          className="sc-dkzDqf gHxGtr"
          fontWeight={700}
        >
          Sunset
        </dt>
        <dd
          className="sc-dkzDqf cqLQeI"
        >
          6:00pm
        </dd>
      </div>
      <div
        className="sc-bczRLJ kwAZZz"
      >
        <dt
          className="sc-dkzDqf gHxGtr"
          fontWeight={700}
        >
          Geo coords
        </dt>
        <dd
          className="sc-dkzDqf cqLQeI"
        >
          45.465,12.234
        </dd>
      </div>
    </div>
    <button
      className="sc-jSMfEi PCDIE"
    >
      Another Place!
    </button>
  </div>
</div>
`;
